// Jest Snapshot v1, https://goo.gl/fbAQLP

exports[`functions aws getSecret fails and returns unexpected error, missing secret string 1`] = `"unexpected error - missing secret string"`;
